git rm logfile.log-logfile.logflogfile.log logfile.log
rm 'logfile.log'
[01;32mmbeuerle@QINROS-LAB2-U[00m:[01;34m~/User/mbeuerle/Code/qec[00m$ git status
On branch main
Your branch and 'origin/main' have diverged,
and have 1 and 1 different commits each, respectively.
  (use "git pull" to merge the remote branch into yours)

Changes to be committed:
  (use "git restore --staged <file>..." to unstage)
	[32mmodified:   .nv/ComputeCache/index[m
	[32mdeleted:    logfile.log[m
	[32mmodified:   open_boundary/Makefile[m
	[32mnew file:   open_boundary/results/12_cluster/L_12_p_0.060000_ns_200_ne_200_ni_1000_nw_100.txt[m
	[32mmodified:   sbatch_new.slr[m
	[32mdeleted:    screenlog.0[m
	[32mnew file:   slurm-499.out[m

Changes not staged for commit:
  (use "git add/rm <file>..." to update what will be committed)
  (use "git restore <file>..." to discard changes in working directory)
	[31mmodified:   .nv/ComputeCache/index[m
	[31mmodified:   open_boundary/Makefile[m
	[31mdeleted:    open_boundary/results/12_cluster/L_12_p_0.060000_ns_200_ne_200_ni_1000_nw_100.txt[m
	[31mmodified:   sbatch_new.slr[m
	[31mdeleted:    slurm-499.out[m

Untracked files:
  (use "git add <file>..." to include in what will be committed)
	[31mlogfile.log[m
	[31mscreenlog.0[m

[01;32mmbeuerle@QINROS-LAB2-U[00m:[01;34m~/User/mbeuerle/Code/qec[00m$ git pull origin
Username for 'https://git.hb.dfki.de': mbeuerle
Password for 'https://mbeuerle@git.hb.dfki.de': 
error: Your local changes to the following files would be overwritten by merge:
  .nv/ComputeCache/index logfile.log open_boundary/Makefile open_boundary/results/12_cluster/L_12_p_0.060000_ns_200_ne_200_ni_1000_nw_100.txt sbatch_new.slr screenlog.0 slurm-499.out
[01;32mmbeuerle@QINROS-LAB2-U[00m:[01;34m~/User/mbeuerle/Code/qec[00m$ git commit -m "Test"
[main 84b629f] Test
 7 files changed, 394 insertions(+), 13823 deletions(-)
 delete mode 100644 logfile.log
 create mode 100644 open_boundary/results/12_cluster/L_12_p_0.060000_ns_200_ne_200_ni_1000_nw_100.txt
 delete mode 100644 screenlog.0
 create mode 100644 slurm-499.out
[01;32mmbeuerle@QINROS-LAB2-U[00m:[01;34m~/User/mbeuerle/Code/qec[00m$ git pull origin
Username for 'https://git.hb.dfki.de': mbeuerle
Password for 'https://mbeuerle@git.hb.dfki.de': 
error: Your local changes to the following files would be overwritten by merge:
	open_boundary/Makefile
Please commit your changes or stash them before you merge.
Aborting
[01;32mmbeuerle@QINROS-LAB2-U[00m:[01;34m~/User/mbeuerle/Code/qec[00m$ git status
On branch main
Your branch and 'origin/main' have diverged,
and have 2 and 1 different commits each, respectively.
  (use "git pull" to merge the remote branch into yours)

Changes not staged for commit:
  (use "git add/rm <file>..." to update what will be committed)
  (use "git restore <file>..." to discard changes in working directory)
	[31mmodified:   .nv/ComputeCache/index[m
	[31mmodified:   open_boundary/Makefile[m
	[31mdeleted:    open_boundary/results/12_cluster/L_12_p_0.060000_ns_200_ne_200_ni_1000_nw_100.txt[m
	[31mmodified:   sbatch_new.slr[m
	[31mdeleted:    slurm-499.out[m

Untracked files:
  (use "git add <file>..." to include in what will be committed)
	[31mlogfile.log[m
	[31mscreenlog.0[m

no changes added to commit (use "git add" and/or "git commit -a")
[01;32mmbeuerle@QINROS-LAB2-U[00m:[01;34m~/User/mbeuerle/Code/qec[00m$ git add Makefile[K[K[K[K[K[K[K[Kopen_boundary/Makefile 
[01;32mmbeuerle@QINROS-LAB2-U[00m:[01;34m~/User/mbeuerle/Code/qec[00m$ git commit -m "Makefile ocmmi[K[K[K[K[Kcommited"
[main 13ab156] Makefile commited
 1 file changed, 4 insertions(+), 4 deletions(-)
[01;32mmbeuerle@QINROS-LAB2-U[00m:[01;34m~/User/mbeuerle/Code/qec[00m$ git pull origin
Username for 'https://git.hb.dfki.de': mbeuerle
Password for 'https://mbeuerle@git.hb.dfki.de': 
warning: Cannot merge binary files: open_boundary/test (HEAD vs. 3e705ade48a2f9f1d382acbf6d9a91bb8b3a15dc)
Auto-merging open_boundary/test
CONFLICT (content): Merge conflict in open_boundary/test
Auto-merging open_boundary/Makefile
CONFLICT (content): Merge conflict in open_boundary/Makefile
CONFLICT (modify/delete): logfile.log deleted in HEAD and modified in 3e705ade48a2f9f1d382acbf6d9a91bb8b3a15dc. Version 3e705ade48a2f9f1d382acbf6d9a91bb8b3a15dc of logfile.log left in tree at logfile.log~3e705ade48a2f9f1d382acbf6d9a91bb8b3a15dc.
Automatic merge failed; fix conflicts and then commit the result.
[01;32mmbeuerle@QINROS-LAB2-U[00m:[01;34m~/User/mbeuerle/Code/qec[00m$ git pu[K[K[K pull origin
error: Pulling is not possible because you have unmerged files.
[33mhint: Fix them up in the work tree, and then use 'git add/rm <file>'[m
[33mhint: as appropriate to mark resolution and make a commit.[m
fatal: Exiting because of an unresolved conflict.
[01;32mmbeuerle@QINROS-LAB2-U[00m:[01;34m~/User/mbeuerle/Code/qec[00m$ git status
On branch main
Your branch and 'origin/main' have diverged,
and have 3 and 1 different commits each, respectively.
  (use "git pull" to merge the remote branch into yours)

You have unmerged paths.
  (fix conflicts and run "git commit")
  (use "git merge --abort" to abort the merge)

Unmerged paths:
  (use "git add/rm <file>..." as appropriate to mark resolution)
	[31mdeleted by us:   logfile.log[m
	[31mboth modified:   open_boundary/Makefile[m
	[31mboth modified:   open_boundary/test[m

Changes not staged for commit:
  (use "git add/rm <file>..." to update what will be committed)
  (use "git restore <file>..." to discard changes in working directory)
	[31mmodified:   .nv/ComputeCache/index[m
	[31mdeleted:    open_boundary/results/12_cluster/L_12_p_0.060000_ns_200_ne_200_ni_1000_nw_100.txt[m
	[31mmodified:   sbatch_new.slr[m
	[31mdeleted:    slurm-499.out[m

Untracked files:
  (use "git add <file>..." to include in what will be committed)
	[31mlogfile.log~3e705ade48a2f9f1d382acbf6d9a91bb8b3a15dc[m
	[31mscreenlog.0[m

no changes added to commit (use "git add" and/or "git commit -a")
[01;32mmbeuerle@QINROS-LAB2-U[00m:[01;34m~/User/mbeuerle/Code/qec[00m$ git str[Katus
On branch main
Your branch and 'origin/main' have diverged,
and have 3 and 1 different commits each, respectively.
  (use "git pull" to merge the remote branch into yours)

You have unmerged paths.
  (fix conflicts and run "git commit")
  (use "git merge --abort" to abort the merge)

Unmerged paths:
  (use "git add/rm <file>..." as appropriate to mark resolution)
	[31mdeleted by us:   logfile.log[m
	[31mboth modified:   open_boundary/Makefile[m
	[31mboth modified:   open_boundary/test[m

Changes not staged for commit:
  (use "git add/rm <file>..." to update what will be committed)
  (use "git restore <file>..." to discard changes in working directory)
	[31mmodified:   .nv/ComputeCache/index[m
	[31mdeleted:    open_boundary/results/12_cluster/L_12_p_0.060000_ns_200_ne_200_ni_1000_nw_100.txt[m
	[31mmodified:   sbatch_new.slr[m
	[31mdeleted:    slurm-499.out[m

Untracked files:
  (use "git add <file>..." to include in what will be committed)
	[31mlogfile.log~3e705ade48a2f9f1d382acbf6d9a91bb8b3a15dc[m
	[31mscreenlog.0[m

no changes added to commit (use "git add" and/or "git commit -a")
[01;32mmbeuerle@QINROS-LAB2-U[00m:[01;34m~/User/mbeuerle/Code/qec[00m$ 